DEBUG - 2025-09-18 10:31:31 --> Session: Class initialized using 'CodeIgniter\Session\Handlers\FileHandler' driver.
DEBUG - 2025-09-18 10:32:13 --> Session: Class initialized using 'CodeIgniter\Session\Handlers\FileHandler' driver.
DEBUG - 2025-09-18 10:32:13 --> Session: Class initialized using 'CodeIgniter\Session\Handlers\FileHandler' driver.
DEBUG - 2025-09-18 15:04:15 --> Session: Class initialized using 'CodeIgniter\Session\Handlers\FileHandler' driver.
DEBUG - 2025-09-18 15:04:18 --> Session: Class initialized using 'CodeIgniter\Session\Handlers\FileHandler' driver.
DEBUG - 2025-09-18 15:04:26 --> Session: Class initialized using 'CodeIgniter\Session\Handlers\FileHandler' driver.
DEBUG - 2025-09-18 15:04:26 --> Session: Class initialized using 'CodeIgniter\Session\Handlers\FileHandler' driver.
DEBUG - 2025-09-18 15:04:30 --> Session: Class initialized using 'CodeIgniter\Session\Handlers\FileHandler' driver.
DEBUG - 2025-09-18 15:04:32 --> Session: Class initialized using 'CodeIgniter\Session\Handlers\FileHandler' driver.
DEBUG - 2025-09-18 15:05:06 --> Session: Class initialized using 'CodeIgniter\Session\Handlers\FileHandler' driver.
DEBUG - 2025-09-18 15:05:35 --> Session: Class initialized using 'CodeIgniter\Session\Handlers\FileHandler' driver.
CRITICAL - 2025-09-18 15:05:35 --> ErrorException: Array to string conversion
[Method: GET, Route: Mypage/herbMatch]
in APPPATH/Views/web/master/herbMatch_View.php on line 7.
 1 APPPATH/Views/web/master/herbMatch_View.php(7): CodeIgniter\Debug\Exceptions->errorHandler(2, 'Array to string conversion', '/Users/djmedi_mac/Documents/repos/hanyack2/app/Views/web/master/herbMatch_View.php', 7)
 2 VENDORPATH/codeigniter4/framework/system/View/View.php(224): include('/Users/djmedi_mac/Documents/repos/hanyack2/app/Views/web/master/herbMatch_View.php')
 3 VENDORPATH/codeigniter4/framework/system/View/View.php(227): CodeIgniter\View\View->{closure:CodeIgniter\View\View::render():221}()
 4 SYSTEMPATH/Common.php(1171): CodeIgniter\View\View->render('web/master/herbMatch_View', [], true)
 5 APPPATH/Controllers/HerbController.php(104): view('web/master/herbMatch_View', [...])
 6 VENDORPATH/codeigniter4/framework/system/CodeIgniter.php(933): App\Controllers\HerbController->herbMatch()
 7 VENDORPATH/codeigniter4/framework/system/CodeIgniter.php(507): CodeIgniter\CodeIgniter->runController(Object(App\Controllers\HerbController))
 8 VENDORPATH/codeigniter4/framework/system/CodeIgniter.php(354): CodeIgniter\CodeIgniter->handleRequest(null, Object(Config\Cache), false)
 9 SYSTEMPATH/Boot.php(325): CodeIgniter\CodeIgniter->run()
10 SYSTEMPATH/Boot.php(67): CodeIgniter\Boot::runCodeIgniter(Object(CodeIgniter\CodeIgniter))
11 FCPATH/index.php(64): CodeIgniter\Boot::bootWeb(Object(Config\Paths))
DEBUG - 2025-09-18 15:05:39 --> Session: Class initialized using 'CodeIgniter\Session\Handlers\FileHandler' driver.
CRITICAL - 2025-09-18 15:05:39 --> ErrorException: Array to string conversion
[Method: GET, Route: Mypage/herbMatch]
in APPPATH/Views/web/master/herbMatch_View.php on line 7.
 1 APPPATH/Views/web/master/herbMatch_View.php(7): CodeIgniter\Debug\Exceptions->errorHandler(2, 'Array to string conversion', '/Users/djmedi_mac/Documents/repos/hanyack2/app/Views/web/master/herbMatch_View.php', 7)
 2 VENDORPATH/codeigniter4/framework/system/View/View.php(224): include('/Users/djmedi_mac/Documents/repos/hanyack2/app/Views/web/master/herbMatch_View.php')
 3 VENDORPATH/codeigniter4/framework/system/View/View.php(227): CodeIgniter\View\View->{closure:CodeIgniter\View\View::render():221}()
 4 SYSTEMPATH/Common.php(1171): CodeIgniter\View\View->render('web/master/herbMatch_View', [], true)
 5 APPPATH/Controllers/HerbController.php(104): view('web/master/herbMatch_View', [...])
 6 VENDORPATH/codeigniter4/framework/system/CodeIgniter.php(933): App\Controllers\HerbController->herbMatch()
 7 VENDORPATH/codeigniter4/framework/system/CodeIgniter.php(507): CodeIgniter\CodeIgniter->runController(Object(App\Controllers\HerbController))
 8 VENDORPATH/codeigniter4/framework/system/CodeIgniter.php(354): CodeIgniter\CodeIgniter->handleRequest(null, Object(Config\Cache), false)
 9 SYSTEMPATH/Boot.php(325): CodeIgniter\CodeIgniter->run()
10 SYSTEMPATH/Boot.php(67): CodeIgniter\Boot::runCodeIgniter(Object(CodeIgniter\CodeIgniter))
11 FCPATH/index.php(64): CodeIgniter\Boot::bootWeb(Object(Config\Paths))
DEBUG - 2025-09-18 15:06:29 --> Session: Class initialized using 'CodeIgniter\Session\Handlers\FileHandler' driver.
